0 info it worked if it ends with ok
1 verbose cli [ 'c:\\devhome\\tools\\nodejs\\node-v4.9.1-win-x64\\node.exe',
1 verbose cli   'c:\\devhome\\tools\\nodejs\\node-v4.9.1-win-x64\\node_modules\\npm\\bin\\npm-cli.js',
1 verbose cli   'run',
1 verbose cli   'build' ]
2 info using npm@2.15.11
3 info using node@v4.9.1
4 verbose run-script [ 'prebuild', 'build', 'postbuild' ]
5 info prebuild bootlace@1.0.0
6 verbose unsafe-perm in lifecycle true
7 info build bootlace@1.0.0
8 verbose unsafe-perm in lifecycle true
9 info bootlace@1.0.0 Failed to exec build script
10 verbose stack Error: bootlace@1.0.0 build: `npm run build:scripts -s && npm run build:styles -s && npm run build:markup -s`
10 verbose stack Exit status 1
10 verbose stack     at EventEmitter.<anonymous> (c:\devhome\tools\nodejs\node-v4.9.1-win-x64\node_modules\npm\lib\utils\lifecycle.js:217:16)
10 verbose stack     at emitTwo (events.js:87:13)
10 verbose stack     at EventEmitter.emit (events.js:172:7)
10 verbose stack     at ChildProcess.<anonymous> (c:\devhome\tools\nodejs\node-v4.9.1-win-x64\node_modules\npm\lib\utils\spawn.js:24:14)
10 verbose stack     at emitTwo (events.js:87:13)
10 verbose stack     at ChildProcess.emit (events.js:172:7)
10 verbose stack     at maybeClose (internal/child_process.js:862:16)
10 verbose stack     at Process.ChildProcess._handle.onexit (internal/child_process.js:222:5)
11 verbose pkgid bootlace@1.0.0
12 verbose cwd c:\devhome\projects\github\zendril\bootlace
13 error Windows_NT 10.0.26100
14 error argv "c:\\devhome\\tools\\nodejs\\node-v4.9.1-win-x64\\node.exe" "c:\\devhome\\tools\\nodejs\\node-v4.9.1-win-x64\\node_modules\\npm\\bin\\npm-cli.js" "run" "build"
15 error node v4.9.1
16 error npm  v2.15.11
17 error code ELIFECYCLE
18 error bootlace@1.0.0 build: `npm run build:scripts -s && npm run build:styles -s && npm run build:markup -s`
18 error Exit status 1
19 error Failed at the bootlace@1.0.0 build script 'npm run build:scripts -s && npm run build:styles -s && npm run build:markup -s'.
19 error This is most likely a problem with the bootlace package,
19 error not with npm itself.
19 error Tell the author that this fails on your system:
19 error     npm run build:scripts -s && npm run build:styles -s && npm run build:markup -s
19 error You can get information on how to open an issue for this project with:
19 error     npm bugs bootlace
19 error Or if that isn't available, you can get their info via:
19 error
19 error     npm owner ls bootlace
19 error There is likely additional logging output above.
20 verbose exit [ 1, true ]
